QA output created by 802

Verifying ciphertext with parameters:
	contents_encryption_mode: AES-256-XTS
	filenames_encryption_mode: AES-256-CTS-CBC
	options: v2
