QA output created by 803

Verifying ciphertext with parameters:
	contents_encryption_mode: AES-128-CBC-ESSIV
	filenames_encryption_mode: AES-128-CTS-CBC
	options: v2
