QA output created by 804

Verifying ciphertext with parameters:
	contents_encryption_mode: Adiantum
	filenames_encryption_mode: Adiantum
	options: v2

Verifying ciphertext with parameters:
	contents_encryption_mode: Adiantum
	filenames_encryption_mode: Adiantum
	options: v2 direct
