QA output created by 902

# control case, valid file

# multiple pages, valid file

# bad magic: XXXXXXXX
ERROR: FS_IOC_ENABLE_VERITY failed on 'SCRATCH_MNT/file.fsv': Bad message

# bad magic: FSVeritY
ERROR: FS_IOC_ENABLE_VERITY failed on 'SCRATCH_MNT/file.fsv': Bad message

# bad major_version
ERROR: FS_IOC_ENABLE_VERITY failed on 'SCRATCH_MNT/file.fsv': Bad message

# bad minor_version
ERROR: FS_IOC_ENABLE_VERITY failed on 'SCRATCH_MNT/file.fsv': Bad message

# bad log_data_blocksize: 0x00
ERROR: FS_IOC_ENABLE_VERITY failed on 'SCRATCH_MNT/file.fsv': Bad message

# bad log_data_blocksize: 0xff
ERROR: FS_IOC_ENABLE_VERITY failed on 'SCRATCH_MNT/file.fsv': Bad message

# bad log_tree_blocksize: 0x00
ERROR: FS_IOC_ENABLE_VERITY failed on 'SCRATCH_MNT/file.fsv': Bad message

# bad log_tree_blocksize: 0xff
ERROR: FS_IOC_ENABLE_VERITY failed on 'SCRATCH_MNT/file.fsv': Bad message

# bad data_algorithm: 0x0000
ERROR: FS_IOC_ENABLE_VERITY failed on 'SCRATCH_MNT/file.fsv': Bad message

# bad data_algorithm: 0xffff
ERROR: FS_IOC_ENABLE_VERITY failed on 'SCRATCH_MNT/file.fsv': Bad message

# bad tree_algorithm: 0x0000
ERROR: FS_IOC_ENABLE_VERITY failed on 'SCRATCH_MNT/file.fsv': Bad message

# bad tree_algorithm: 0xffff
ERROR: FS_IOC_ENABLE_VERITY failed on 'SCRATCH_MNT/file.fsv': Bad message

# mismatched block sizes
ERROR: FS_IOC_ENABLE_VERITY failed on 'SCRATCH_MNT/file.fsv': Bad message

# mismatched algorithms
ERROR: FS_IOC_ENABLE_VERITY failed on 'SCRATCH_MNT/file.fsv': Bad message

# bad flags
ERROR: FS_IOC_ENABLE_VERITY failed on 'SCRATCH_MNT/file.fsv': Bad message

# bad reserved1
ERROR: FS_IOC_ENABLE_VERITY failed on 'SCRATCH_MNT/file.fsv': Bad message

# bad orig_file_size: 0
ERROR: FS_IOC_ENABLE_VERITY failed on 'SCRATCH_MNT/file.fsv': Bad message

# bad orig_file_size: > full_isize
ERROR: FS_IOC_ENABLE_VERITY failed on 'SCRATCH_MNT/file.fsv': Bad message

# bad orig_file_size: UINT64_MAX
ERROR: FS_IOC_ENABLE_VERITY failed on 'SCRATCH_MNT/file.fsv': Bad message

# bad auth_ext_count
ERROR: FS_IOC_ENABLE_VERITY failed on 'SCRATCH_MNT/file.fsv': Bad message

# bad reserved2
ERROR: FS_IOC_ENABLE_VERITY failed on 'SCRATCH_MNT/file.fsv': Bad message

# bad desc_reverse_offset: 0
ERROR: FS_IOC_ENABLE_VERITY failed on 'SCRATCH_MNT/file.fsv': Bad message

# bad desc_reverse_offset: 64
ERROR: FS_IOC_ENABLE_VERITY failed on 'SCRATCH_MNT/file.fsv': Bad message

# bad desc_reverse_offset: 69
ERROR: FS_IOC_ENABLE_VERITY failed on 'SCRATCH_MNT/file.fsv': Bad message

# bad desc_reverse_offset: > full_isize
ERROR: FS_IOC_ENABLE_VERITY failed on 'SCRATCH_MNT/file.fsv': Bad message

# bad desc_reverse_offset: UINT32_MAX
ERROR: FS_IOC_ENABLE_VERITY failed on 'SCRATCH_MNT/file.fsv': Bad message

# bad ftr_magic: XXXXXXXX
ERROR: FS_IOC_ENABLE_VERITY failed on 'SCRATCH_MNT/file.fsv': Bad message

# bad ftr_magic: FSVeritY
ERROR: FS_IOC_ENABLE_VERITY failed on 'SCRATCH_MNT/file.fsv': Bad message

# root hash length wrong: 0
ERROR: FS_IOC_ENABLE_VERITY failed on 'SCRATCH_MNT/file.fsv': Bad message

# root hash length wrong: too short
ERROR: FS_IOC_ENABLE_VERITY failed on 'SCRATCH_MNT/file.fsv': Bad message

# root hash length wrong: too long
ERROR: FS_IOC_ENABLE_VERITY failed on 'SCRATCH_MNT/file.fsv': Bad message

# multiple root hashes
ERROR: FS_IOC_ENABLE_VERITY failed on 'SCRATCH_MNT/file.fsv': Bad message

# no root hash
ERROR: FS_IOC_ENABLE_VERITY failed on 'SCRATCH_MNT/file.fsv': Bad message

# root hash is unauthenticated
ERROR: FS_IOC_ENABLE_VERITY failed on 'SCRATCH_MNT/file.fsv': Bad message

# salt is unauthenticated
ERROR: FS_IOC_ENABLE_VERITY failed on 'SCRATCH_MNT/file.fsv': Bad message

# unknown extension type
ERROR: FS_IOC_ENABLE_VERITY failed on 'SCRATCH_MNT/file.fsv': Bad message

# length in extension header smaller than header
ERROR: FS_IOC_ENABLE_VERITY failed on 'SCRATCH_MNT/file.fsv': Bad message

# extension length overflows buffer
ERROR: FS_IOC_ENABLE_VERITY failed on 'SCRATCH_MNT/file.fsv': Bad message

# extension length wraps to 0 after rounding
ERROR: FS_IOC_ENABLE_VERITY failed on 'SCRATCH_MNT/file.fsv': Bad message

# reserved bits set in extension header
ERROR: FS_IOC_ENABLE_VERITY failed on 'SCRATCH_MNT/file.fsv': Bad message
