QA output created by 903

# Corruption test: file_len=131072 zap_offset=0 zap_len=1
0dfbe8aa4c20b52e1b8bf3cb6cbdf193  SCRATCH_MNT/file.fsv
Corrupting bytes...
Validating corruption (reading full file)...
md5sum: SCRATCH_MNT/file.fsv: Input/output error
Validating corruption (direct I/O)...
dd: error reading 'SCRATCH_MNT/file.fsv': Input/output error
Validating corruption (reading just corrupted part)...
dd: error reading 'SCRATCH_MNT/file.fsv': Input/output error
Validating corruption (reading full file via mmap)...
Bus error
Validating corruption (reading just corrupted part via mmap)...
Bus error

# Corruption test: file_len=131072 zap_offset=4095 zap_len=1
0dfbe8aa4c20b52e1b8bf3cb6cbdf193  SCRATCH_MNT/file.fsv
Corrupting bytes...
Validating corruption (reading full file)...
md5sum: SCRATCH_MNT/file.fsv: Input/output error
Validating corruption (direct I/O)...
dd: error reading 'SCRATCH_MNT/file.fsv': Input/output error
Validating corruption (reading just corrupted part)...
dd: error reading 'SCRATCH_MNT/file.fsv': Input/output error
Validating corruption (reading full file via mmap)...
Bus error
Validating corruption (reading just corrupted part via mmap)...
Bus error

# Corruption test: file_len=131072 zap_offset=65536 zap_len=65536
0dfbe8aa4c20b52e1b8bf3cb6cbdf193  SCRATCH_MNT/file.fsv
Corrupting bytes...
Validating corruption (reading full file)...
md5sum: SCRATCH_MNT/file.fsv: Input/output error
Validating corruption (direct I/O)...
dd: error reading 'SCRATCH_MNT/file.fsv': Input/output error
Validating corruption (reading just corrupted part)...
dd: error reading 'SCRATCH_MNT/file.fsv': Input/output error
Validating corruption (reading full file via mmap)...
Bus error
Validating corruption (reading just corrupted part via mmap)...
Bus error

# Corruption test: file_len=131072 zap_offset=131071 zap_len=1
0dfbe8aa4c20b52e1b8bf3cb6cbdf193  SCRATCH_MNT/file.fsv
Corrupting bytes...
Validating corruption (reading full file)...
md5sum: SCRATCH_MNT/file.fsv: Input/output error
Validating corruption (direct I/O)...
dd: error reading 'SCRATCH_MNT/file.fsv': Input/output error
Validating corruption (reading just corrupted part)...
dd: error reading 'SCRATCH_MNT/file.fsv': Input/output error
Validating corruption (reading full file via mmap)...
Bus error
Validating corruption (reading just corrupted part via mmap)...
Bus error

# Corruption test: file_len=129999 zap_offset=131000 zap_len=72
0ed66e88b29ce0c585cedf35ee127213  SCRATCH_MNT/file.fsv
Corrupting bytes...
Validating corruption (reading full file)...
md5sum: SCRATCH_MNT/file.fsv: Input/output error
Validating corruption (direct I/O)...
dd: error reading 'SCRATCH_MNT/file.fsv': Input/output error
Validating corruption (reading just corrupted part)...
dd: error reading 'SCRATCH_MNT/file.fsv': Input/output error
Validating corruption (reading full file via mmap)...
Bus error
Validating corruption (reading just corrupted part via mmap)...
Bus error

# Corruption test: file_len=1048576 zap_offset=1052672 zap_len=4096
b6d81b360a5672d80c27430f39153e2c  SCRATCH_MNT/file.fsv
Corrupting bytes...
Validating corruption (reading full file)...
md5sum: SCRATCH_MNT/file.fsv: Input/output error
Validating corruption (direct I/O)...
dd: error reading 'SCRATCH_MNT/file.fsv': Input/output error
Validating corruption (reading full file via mmap)...
Bus error

# Corruption test: file_len=1048576 zap_offset=1056767 zap_len=1
b6d81b360a5672d80c27430f39153e2c  SCRATCH_MNT/file.fsv
Corrupting bytes...
Validating corruption (reading full file)...
md5sum: SCRATCH_MNT/file.fsv: Input/output error
Validating corruption (direct I/O)...
dd: error reading 'SCRATCH_MNT/file.fsv': Input/output error
Validating corruption (reading full file via mmap)...
Bus error
