QA output created by 904

Encryption policy for SCRATCH_MNT/edir/file.fsv:
	Policy version: 0
	Master key descriptor: 0000000000000000
	Contents encryption mode: 1 (AES-256-XTS)
	Filenames encryption mode: 4 (AES-256-CTS)
	Flags: 0x02

Files matched
Files matched
md5sum: SCRATCH_MNT/edir/file.fsv: Input/output error
