QA output created by 905

# Test elision
Files matched
Modifying elided/patched region(s)...
Comparing modified data...
Files matched
Modifying unelided/unpatched regions...
Checking for I/O errors when reading from unelided/unpatched regions...
dd: error reading 'SCRATCH_MNT/file.fsv': Input/output error
dd: error reading 'SCRATCH_MNT/file.fsv': Input/output error

# Test elision (from start of file)
Files matched
Modifying elided/patched region(s)...
Comparing modified data...
Files matched
Modifying unelided/unpatched regions...
Checking for I/O errors when reading from unelided/unpatched regions...
dd: error reading 'SCRATCH_MNT/file.fsv': Input/output error

# Test elision (to EOF)
Files matched
Modifying elided/patched region(s)...
Comparing modified data...
Files matched
Modifying unelided/unpatched regions...
Checking for I/O errors when reading from unelided/unpatched regions...
dd: error reading 'SCRATCH_MNT/file.fsv': Input/output error

# Test patch
Files matched
Modifying elided/patched region(s)...
Comparing modified data...
Files matched
Modifying unelided/unpatched regions...
Checking for I/O errors when reading from unelided/unpatched regions...
dd: error reading 'SCRATCH_MNT/file.fsv': Input/output error
dd: error reading 'SCRATCH_MNT/file.fsv': Input/output error

# Test patch (from start of file)
Files matched
Modifying elided/patched region(s)...
Comparing modified data...
Files matched
Modifying unelided/unpatched regions...
Checking for I/O errors when reading from unelided/unpatched regions...
dd: error reading 'SCRATCH_MNT/file.fsv': Input/output error

# Test patch (to EOF)
Files matched
Modifying elided/patched region(s)...
Comparing modified data...
Files matched
Modifying unelided/unpatched regions...
Checking for I/O errors when reading from unelided/unpatched regions...
dd: error reading 'SCRATCH_MNT/file.fsv': Input/output error

# Test multiple elisions
Files matched
Modifying elided/patched region(s)...
Comparing modified data...
Files matched
Modifying unelided/unpatched regions...
Checking for I/O errors when reading from unelided/unpatched regions...
dd: error reading 'SCRATCH_MNT/file.fsv': Input/output error
dd: error reading 'SCRATCH_MNT/file.fsv': Input/output error
dd: error reading 'SCRATCH_MNT/file.fsv': Input/output error

# Test multiple patches
Files matched
Modifying elided/patched region(s)...
Comparing modified data...
Files matched
Modifying unelided/unpatched regions...
Checking for I/O errors when reading from unelided/unpatched regions...
dd: error reading 'SCRATCH_MNT/file.fsv': Input/output error
dd: error reading 'SCRATCH_MNT/file.fsv': Input/output error
dd: error reading 'SCRATCH_MNT/file.fsv': Input/output error

# Test multiple elisions and patches
Files matched
Modifying elided/patched region(s)...
Comparing modified data...
Files matched
Modifying unelided/unpatched regions...
Checking for I/O errors when reading from unelided/unpatched regions...
dd: error reading 'SCRATCH_MNT/file.fsv': Input/output error
dd: error reading 'SCRATCH_MNT/file.fsv': Input/output error
dd: error reading 'SCRATCH_MNT/file.fsv': Input/output error
dd: error reading 'SCRATCH_MNT/file.fsv': Input/output error
dd: error reading 'SCRATCH_MNT/file.fsv': Input/output error
