QA output created by 999

Run fio with random aio-dio pattern

